<?xml version="1.0" encoding="utf-8"?><testsuites name="pytest tests"><testsuite name="pytest" errors="0" failures="0" skipped="0" tests="499" time="12.119" timestamp="2026-06-10T20:52:07.874061-04:00" hostname="MBacer"><testcase classname="tests.core.test_ats_extract" name="test_extract_text_returns_body_and_lines" time="1.251" /><testcase classname="tests.core.test_ats_extract" name="test_extract_text_empty_for_blank" time="0.569" /><testcase classname="tests.core.test_ats_mechanical" name="test_clean_resume_has_no_critical_issues" time="0.002" /><testcase classname="tests.core.test_ats_mechanical" name="test_no_text_layer_is_critical" time="0.001" /><testcase classname="tests.core.test_ats_mechanical" name="test_missing_email_is_critical_contact_missing" time="0.001" /><testcase classname="tests.core.test_ats_mechanical" name="test_contact_order_scramble_is_critical" time="0.001" /><testcase classname="tests.core.test_ats_mechanical" name="test_missing_section_is_critical" time="0.002" /><testcase classname="tests.core.test_ats_mechanical" name="test_present_relevant_skill_dropped_is_warning" time="0.001" /><testcase classname="tests.core.test_ats_mechanical" name="test_skill_not_held_is_not_flagged" time="0.001" /><testcase classname="tests.core.test_ats_mechanical" name="test_hyphen_in_phone_does_not_trigger_glyph_junk" time="0.001" /><testcase classname="tests.core.test_ats_mechanical" name="test_glyph_junk_is_warning" time="0.001" /><testcase classname="tests.core.test_ats_mechanical" name="test_contact_order_correct_order_no_issue" time="0.001" /><testcase classname="tests.core.test_ats_mechanical" name="test_contact_value_repeated_in_body_does_not_scramble_order" time="0.001" /><testcase classname="tests.core.test_ats_report_storage" name="test_store_ats_report_sets_columns" time="0.006" /><testcase classname="tests.core.test_ats_report_storage" name="test_store_ats_report_records_failure" time="0.006" /><testcase classname="tests.core.test_ats_report_storage" name="test_ats_is_stale_when_never_checked" time="0.004" /><testcase classname="tests.core.test_ats_report_storage" name="test_ats_is_stale_false_after_check" time="0.004" /><testcase classname="tests.core.test_ats_report_storage" name="test_ats_is_stale_when_resume_rerendered_after_check" time="0.005" /><testcase classname="tests.core.test_ats_roundtrip" name="test_roundtrip_flags_name_mismatch" time="0.002" /><testcase classname="tests.core.test_ats_roundtrip" name="test_roundtrip_clean_when_fields_match" time="0.001" /><testcase classname="tests.core.test_ats_roundtrip" name="test_roundtrip_returns_empty_on_llm_error" time="0.002" /><testcase classname="tests.core.test_ats_roundtrip" name="test_roundtrip_flags_phone_mismatch" time="0.001" /><testcase classname="tests.core.test_ats_run_gate" name="test_clean_resume_passes_with_high_score" time="0.002" /><testcase classname="tests.core.test_ats_run_gate" name="test_critical_issue_fails_and_lowers_score" time="0.002" /><testcase classname="tests.core.test_ats_schemas" name="test_ats_issue_defaults_and_fields" time="0.001" /><testcase classname="tests.core.test_ats_schemas" name="test_ats_report_passed_computed_from_issues" time="0.001" /><testcase classname="tests.core.test_ats_schemas" name="test_pdf_text_holds_text_and_lines" time="0.001" /><testcase classname="tests.core.test_ats_schemas" name="test_ats_parsed_fields_defaults" time="0.001" /><testcase classname="tests.core.test_document_assembler" name="test_canonical_section_order" time="0.001" /><testcase classname="tests.core.test_document_assembler" name="test_empty_sections_omitted" time="0.001" /><testcase classname="tests.core.test_document_assembler" name="test_experience_renders_structural_and_prose" time="0.001" /><testcase classname="tests.core.test_document_assembler" name="test_education_renders_from_snapshot" time="0.001" /><testcase classname="tests.core.test_document_assembler" name="test_no_horizontal_rules" time="0.001" /><testcase classname="tests.core.test_document_builder" name="test_header_snapshot_pulls_contact_and_config" time="0.009" /><testcase classname="tests.core.test_document_builder" name="test_education_snapshot" time="0.010" /><testcase classname="tests.core.test_document_builder" name="test_all_experience_kept_in_profile_order" time="0.008" /><testcase classname="tests.core.test_document_builder" name="test_projects_honor_llm_selection_and_order" time="0.009" /><testcase classname="tests.core.test_document_builder" name="test_unknown_project_refs_ignored" time="0.008" /><testcase classname="tests.core.test_document_builder" name="test_skills_and_summary_passthrough" time="0.008" /><testcase classname="tests.core.test_document_builder" name="test_build_cover_document" time="0.008" /><testcase classname="tests.core.test_document_parser" name="test_reconstruct_parses_all_body_sections" time="0.003" /><testcase classname="tests.core.test_document_parser" name="test_reconstruct_takes_header_and_education_from_frontmatter" time="0.002" /><testcase classname="tests.core.test_document_parser" name="test_reconstruct_empty_input_is_safe" time="0.002" /><testcase classname="tests.core.test_document_parser" name="test_reconstruct_cover_document_roundtrip" time="0.002" /><testcase classname="tests.core.test_document_parser" name="test_parse_legacy_experience_bold_and_hash_headings" time="0.002" /><testcase classname="tests.core.test_document_parser" name="test_parse_legacy_projects_single_lines" time="0.001" /><testcase classname="tests.core.test_document_parser" name="test_experience_comma_in_company_name" time="0.002" /><testcase classname="tests.core.test_document_patch" name="test_patch_updates_prose_leaves_only" time="0.001" /><testcase classname="tests.core.test_document_patch" name="test_patch_ignores_unknown_refs" time="0.001" /><testcase classname="tests.core.test_document_patch" name="test_patch_empty_skills_keeps_existing" time="0.001" /><testcase classname="tests.core.test_document_patch" name="test_patch_recomputes_section_order" time="0.002" /><testcase classname="tests.core.test_education_split" name="test_splits_before_second_section_when_experience_present" time="0.002" /><testcase classname="tests.core.test_education_split" name="test_splits_before_second_section_when_no_experience" time="0.002" /><testcase classname="tests.core.test_education_split" name="test_strips_llm_education_section" time="0.001" /><testcase classname="tests.core.test_education_split" name="test_single_section_leaves_post_empty" time="0.001" /><testcase classname="tests.core.test_job" name="test_job_from_scraped_sets_fields" time="0.001" /><testcase classname="tests.core.test_job" name="test_job_save_batch_inserts_new_jobs" time="0.011" /><testcase classname="tests.core.test_job" name="test_job_save_batch_skips_duplicates" time="0.009" /><testcase classname="tests.core.test_job" name="test_job_get_returns_job" time="0.008" /><testcase classname="tests.core.test_job" name="test_job_get_returns_none_when_missing" time="0.007" /><testcase classname="tests.core.test_job" name="test_job_get_or_raise_raises_when_missing" time="0.006" /><testcase classname="tests.core.test_job" name="test_job_set_state" time="0.008" /><testcase classname="tests.core.test_job" name="test_job_mark_applied_sets_applied_at" time="0.010" /><testcase classname="tests.core.test_job" name="test_job_serialize_returns_dict" time="0.007" /><testcase classname="tests.core.test_job" name="test_build_score_prompt_contains_job_and_user" time="0.010" /><testcase classname="tests.core.test_job" name="test_build_score_prompt_uses_custom_template" time="0.007" /><testcase classname="tests.core.test_job" name="test_score_populates_scores" time="0.017" /><testcase classname="tests.core.test_job" name="test_build_description_prompt_substitutes_fields" time="0.008" /><testcase classname="tests.core.test_job" name="test_extract_description_populates_ext_columns" time="0.014" /><testcase classname="tests.core.test_job" name="test_extract_description_skips_if_already_populated" time="0.008" /><testcase classname="tests.core.test_job" name="test_build_resume_prompt_substitutes_job_and_user" time="0.011" /><testcase classname="tests.core.test_job" name="test_serialize_extraction_none_when_no_ext_fields" time="0.007" /><testcase classname="tests.core.test_job" name="test_serialize_extraction_populated_when_ext_fields_set" time="0.009" /><testcase classname="tests.core.test_job" name="test_list_for_review_returns_only_new_and_pending_review" time="0.007" /><testcase classname="tests.core.test_job" name="test_generate_resume_md_writes_file" time="0.014" /><testcase classname="tests.core.test_job" name="test_intake_spawns_background_thread_and_calls_extract" time="0.012" /><testcase classname="tests.core.test_job" name="test_job_has_ext_salary_columns" time="0.008" /><testcase classname="tests.core.test_job" name="test_serialize_includes_salary_and_applied_at" time="0.007" /><testcase classname="tests.core.test_job" name="test_evaluate_empty_doc_short_circuits_to_zero" time="0.006" /><testcase classname="tests.core.test_job" name="test_evaluate_resume_md_returns_score_and_issues" time="0.010" /><testcase classname="tests.core.test_job" name="test_generate_cover_md_rejects_empty_content" time="0.006" /><testcase classname="tests.core.test_job" name="test_resume_generated_at_set_on_generate_pdf" time="0.009" /><testcase classname="tests.core.test_job" name="test_score_populates_fields" time="0.014" /><testcase classname="tests.core.test_job" name="test_score_raises_on_bad_json" time="0.007" /><testcase classname="tests.core.test_job" name="test_extract_description_maps_fields" time="0.008" /><testcase classname="tests.core.test_job" name="test_extract_description_coerces_salary" time="0.008" /><testcase classname="tests.core.test_job" name="test_cover_generated_at_set_on_generate_pdf" time="0.010" /><testcase classname="tests.core.test_job" name="test_generate_resume_md_writes_document_and_markdown" time="0.015" /><testcase classname="tests.core.test_job" name="test_generate_cover_md_writes_document" time="0.015" /><testcase classname="tests.core.test_job" name="test_render_meta_uses_snapshot_not_live_profile" time="0.015" /><testcase classname="tests.core.test_job" name="test_write_cover_markdown_roundtrips_assembler" time="0.004" /><testcase classname="tests.core.test_job" name="test_write_resume_markdown_roundtrips_assembler" time="0.003" /><testcase classname="tests.core.test_job_refine_structured" name="test_resume_refine_patches_structured_doc" time="0.013" /><testcase classname="tests.core.test_job_refine_structured" name="test_cover_refine_rewrites_body" time="0.012" /><testcase classname="tests.core.test_job_tenancy" name="test_get_scopes_to_tenant" time="0.007" /><testcase classname="tests.core.test_job_tenancy" name="test_two_tenants_can_share_a_job_key" time="0.007" /><testcase classname="tests.core.test_job_tenancy" name="test_list_for_review_scopes_to_tenant" time="0.009" /><testcase classname="tests.core.test_job_tenancy" name="test_from_scraped_stamps_profile_id" time="0.002" /><testcase classname="tests.core.test_llm" name="test_get_client_for_profile_resolves_from_env" time="0.209" /><testcase classname="tests.core.test_llm" name="test_model_override_beats_env_default" time="0.171" /><testcase classname="tests.core.test_llm" name="test_missing_api_key_raises" time="0.003" /><testcase classname="tests.core.test_llm" name="test_unknown_provider_type_raises" time="0.002" /><testcase classname="tests.core.test_llm" name="test_call_llm_returns_stripped_content" time="0.003" /><testcase classname="tests.core.test_llm" name="test_call_llm_raises_on_empty_response" time="0.002" /><testcase classname="tests.core.test_llm" name="test_call_llm_passes_max_tokens" time="0.002" /><testcase classname="tests.core.test_llm_json_retry" name="test_retries_once_then_succeeds" time="0.002" /><testcase classname="tests.core.test_llm_json_retry" name="test_succeeds_first_try_no_retry" time="0.002" /><testcase classname="tests.core.test_llm_json_retry" name="test_raises_after_exhausting_retries" time="0.002" /><testcase classname="tests.core.test_llm_json_retry" name="test_empty_response_raises_empty_msg" time="0.002" /><testcase classname="tests.core.test_llm_json_retry" name="test_first_call_hardens_prompt" time="0.002" /><testcase classname="tests.core.test_render_pdf" name="test_render_pdf_produces_valid_pdf" time="0.606" /><testcase classname="tests.core.test_render_pdf" name="test_render_pdf_handles_special_characters" time="0.608" /><testcase classname="tests.core.test_render_pdf" name="test_render_pdf_max_pages_autoshrinks_borderline" time="0.627" /><testcase classname="tests.core.test_render_pdf" name="test_render_pdf_max_pages_raises_on_overflow" time="1.200" /><testcase classname="tests.core.test_resume_docx" name="test_generate_resume_docx_produces_openable_file" time="0.127" /><testcase classname="tests.core.test_run_ats_check" name="test_run_ats_check_passes_on_clean_pdf" time="0.009" /><testcase classname="tests.core.test_run_ats_check" name="test_run_ats_check_missing_document_raises" time="0.007" /><testcase classname="tests.core.test_run_ats_check" name="test_run_ats_check_missing_pdf_raises" time="0.004" /><testcase classname="tests.core.test_schemas" name="test_parse_plain_json" time="0.002" /><testcase classname="tests.core.test_schemas" name="test_parse_fenced_json" time="0.002" /><testcase classname="tests.core.test_schemas" name="test_parse_json_with_surrounding_prose" time="0.002" /><testcase classname="tests.core.test_schemas" name="test_parse_malformed_json_raises" time="0.002" /><testcase classname="tests.core.test_schemas" name="test_parse_schema_violation_raises" time="0.002" /><testcase classname="tests.core.test_schemas" name="test_parse_empty_raises" time="0.002" /><testcase classname="tests.core.test_schemas" name="test_score_clamps_out_of_range" time="0.002" /><testcase classname="tests.core.test_schemas" name="test_eval_non_list_issues_coerces_to_empty" time="0.002" /><testcase classname="tests.core.test_schemas" name="test_extraction_defaults" time="0.002" /><testcase classname="tests.core.test_schemas" name="test_parse_no_json_object_raises" time="0.002" /><testcase classname="tests.core.test_schemas" name="test_parse_value_ending_in_backticks" time="0.002" /><testcase classname="tests.core.test_schemas" name="test_parse_response_full" time="0.002" /><testcase classname="tests.core.test_schemas" name="test_parse_response_partial_defaults" time="0.002" /><testcase classname="tests.core.test_schemas" name="test_resume_generation_parses_full_output" time="0.002" /><testcase classname="tests.core.test_schemas" name="test_resume_generation_parses_partial_output" time="0.002" /><testcase classname="tests.core.test_schemas" name="test_resume_document_round_trips" time="0.002" /><testcase classname="tests.core.test_schemas" name="test_cover_document_round_trips" time="0.003" /><testcase classname="tests.core.test_session_cost" name="test_initial_total_is_zero" time="0.002" /><testcase classname="tests.core.test_session_cost" name="test_add_cost_accumulates" time="0.002" /><testcase classname="tests.core.test_session_cost" name="test_add_cost_zero_is_noop" time="0.002" /><testcase classname="tests.core.test_session_cost" name="test_reset_clears_total" time="0.002" /><testcase classname="tests.core.test_session_cost" name="test_thread_safety" time="0.012" /><testcase classname="tests.core.test_session_cost" name="test_get_session_start_returns_datetime" time="0.002" /><testcase classname="tests.core.test_session_cost" name="test_get_session_start_is_stable" time="0.002" /><testcase classname="tests.core.test_skill_alias_tenancy" name="test_alias_lookup_is_tenant_scoped" time="0.005" /><testcase classname="tests.core.test_skill_analytics.TestNormalizeSkill" name="test_case_folding_and_canonical_display" time="0.003" /><testcase classname="tests.core.test_skill_analytics.TestNormalizeSkill" name="test_trims_whitespace" time="0.002" /><testcase classname="tests.core.test_skill_analytics.TestNormalizeSkill" name="test_alias_mapping" time="0.002" /><testcase classname="tests.core.test_skill_analytics.TestNormalizeSkill" name="test_strips_version_tokens" time="0.002" /><testcase classname="tests.core.test_skill_analytics.TestNormalizeSkill" name="test_empty_or_whitespace_returns_none" time="0.002" /><testcase classname="tests.core.test_skill_analytics.TestNormalizeSkill" name="test_junk_after_stripping_returns_none" time="0.002" /><testcase classname="tests.core.test_skill_analytics.TestNormalizeSkill" name="test_unknown_skill_passes_through_titlecased" time="0.002" /><testcase classname="tests.core.test_skill_analytics.TestNormalizeSkill" name="test_all_caps_acronym_preserved" time="0.002" /><testcase classname="tests.core.test_skill_analytics.TestNormalizeSkill" name="test_mixed_case_skills_canonicalized" time="0.002" /><testcase classname="tests.core.test_skill_analytics.TestTechCategory" name="test_known_skills_map_to_category" time="0.002" /><testcase classname="tests.core.test_skill_analytics.TestTechCategory" name="test_case_insensitive" time="0.002" /><testcase classname="tests.core.test_skill_analytics.TestTechCategory" name="test_unknown_skill_is_other" time="0.002" /><testcase classname="tests.core.test_skill_analytics.TestAggregateSkillFrequency" name="test_empty_input" time="0.002" /><testcase classname="tests.core.test_skill_analytics.TestAggregateSkillFrequency" name="test_required_is_high" time="0.002" /><testcase classname="tests.core.test_skill_analytics.TestAggregateSkillFrequency" name="test_preferred_is_med" time="0.003" /><testcase classname="tests.core.test_skill_analytics.TestAggregateSkillFrequency" name="test_tech_stack_only_is_low" time="0.001" /><testcase classname="tests.core.test_skill_analytics.TestAggregateSkillFrequency" name="test_required_wins_over_preferred_and_tech" time="0.001" /><testcase classname="tests.core.test_skill_analytics.TestAggregateSkillFrequency" name="test_preferred_wins_over_tech_stack" time="0.002" /><testcase classname="tests.core.test_skill_analytics.TestAggregateSkillFrequency" name="test_tiers_accumulate_across_jobs" time="0.002" /><testcase classname="tests.core.test_skill_analytics.TestAggregateSkillFrequency" name="test_skills_sorted_by_total_desc_then_name" time="0.001" /><testcase classname="tests.core.test_skill_analytics.TestAggregateSkillFrequency" name="test_categories_count_distinct_jobs" time="0.001" /><testcase classname="tests.core.test_skill_analytics.TestAggregateSkillFrequency" name="test_dedupes_within_field" time="0.001" /><testcase classname="tests.core.test_skill_analytics.TestAggregateSkillFrequency" name="test_unknown_skill_categorized_as_other" time="0.001" /><testcase classname="tests.core.test_skill_analytics.TestJobHasSkill" name="test_matches_required_field" time="0.001" /><testcase classname="tests.core.test_skill_analytics.TestJobHasSkill" name="test_matches_preferred_field" time="0.001" /><testcase classname="tests.core.test_skill_analytics.TestJobHasSkill" name="test_matches_tech_stack_field" time="0.001" /><testcase classname="tests.core.test_skill_analytics.TestJobHasSkill" name="test_matches_via_normalization_alias" time="0.002" /><testcase classname="tests.core.test_skill_analytics.TestJobHasSkill" name="test_no_match_returns_false" time="0.001" /><testcase classname="tests.core.test_skill_analytics.TestJobHasSkill" name="test_empty_fields_return_false" time="0.001" /><testcase classname="tests.core.test_skill_analytics" name="test_skill_key_folds_case" time="0.001" /><testcase classname="tests.core.test_skill_analytics" name="test_skill_key_applies_alias" time="0.001" /><testcase classname="tests.core.test_skill_analytics" name="test_aggregate_merges_case_variants_with_frequent_display" time="0.002" /><testcase classname="tests.core.test_skill_analytics" name="test_aggregate_uses_alias_canonical_for_display" time="0.002" /><testcase classname="tests.core.test_skill_analytics" name="test_job_has_skill_is_case_insensitive" time="0.001" /><testcase classname="tests.core.test_user" name="test_user_load_hydrates_fields" time="0.007" /><testcase classname="tests.core.test_user" name="test_user_load_raises_when_no_profile" time="0.005" /><testcase classname="tests.core.test_user" name="test_render_work_history_indexed" time="0.002" /><testcase classname="tests.core.test_user" name="test_render_projects_indexed" time="0.001" /><testcase classname="tests.core.test_user" name="test_render_indexed_empty" time="0.001" /><testcase classname="tests.core.test_user" name="test_user_save_persists_changes" time="0.006" /><testcase classname="tests.core.test_user" name="test_user_full_name_uses_name_column" time="0.006" /><testcase classname="tests.core.test_user" name="test_user_full_name_falls_back_to_first_last" time="0.006" /><testcase classname="tests.core.test_user" name="test_user_from_markdown_returns_profile_dict" time="0.010" /><testcase classname="tests.core.test_user" name="test_user_render_for_prompt_contains_skills" time="0.007" /><testcase classname="tests.core.test_user" name="test_user_master_resume_falls_back_to_render" time="0.008" /><testcase classname="tests.core.test_user" name="test_user_hydrates_new_fields_from_data" time="0.009" /><testcase classname="tests.core.test_user" name="test_user_hydrates_new_fields_default_to_empty" time="0.006" /><testcase classname="tests.core.test_user" name="test_user_to_dict_includes_new_fields" time="0.006" /><testcase classname="tests.core.test_user" name="test_user_prompt_resume_parse_round_trips" time="0.010" /><testcase classname="tests.core.test_user" name="test_from_markdown_uses_custom_system_prompt" time="0.009" /><testcase classname="tests.core.test_user" name="test_resolve_prompt_keeps_valid_custom" time="0.008" /><testcase classname="tests.core.test_user" name="test_resolve_prompt_resets_when_too_short" time="0.012" /><testcase classname="tests.core.test_user" name="test_resolve_prompt_resets_when_missing" time="0.009" /><testcase classname="tests.core.test_user" name="test_resolve_prompt_returns_db_content" time="0.009" /><testcase classname="tests.core.test_user" name="test_resolve_prompt_autoresets_when_too_short" time="0.011" /><testcase classname="tests.core.test_user" name="test_resolve_prompt_raises_without_default" time="0.010" /><testcase classname="tests.core.test_user" name="test_hydrate_populates_model_from_rows" time="0.010" /><testcase classname="tests.core.test_user_load_tenancy" name="test_load_returns_requested_profile" time="0.006" /><testcase classname="tests.core.test_user_load_tenancy" name="test_load_raises_when_profile_missing" time="0.005" /><testcase classname="tests.core.test_utils" name="test_strip_header_block_removes_yaml_frontmatter" time="0.002" /><testcase classname="tests.core.test_utils" name="test_strip_header_block_no_frontmatter_returns_from_first_section" time="0.001" /><testcase classname="tests.core.test_utils" name="test_strip_header_block_already_starts_with_section" time="0.001" /><testcase classname="tests.core.test_utils" name="test_strip_header_block_empty_string" time="0.001" /><testcase classname="tests.db.test_alembic_parity" name="test_alembic_baseline_matches_create_all" time="0.076" /><testcase classname="tests.db.test_ats_parse_seed" name="test_seed_ats_parse_prompt_inserts_default" time="0.007" /><testcase classname="tests.db.test_document_tenancy" name="test_upsert_stamps_and_fetch_scopes" time="0.005" /><testcase classname="tests.db.test_document_tenancy" name="test_two_tenants_independent_docs_same_job_key" time="0.006" /><testcase classname="tests.db.test_documents" name="test_upsert_then_fetch" time="0.007" /><testcase classname="tests.db.test_documents" name="test_upsert_is_idempotent_per_key" time="0.008" /><testcase classname="tests.db.test_documents" name="test_fetch_missing_returns_none" time="0.006" /><testcase classname="tests.db.test_documents" name="test_doc_types_are_independent" time="0.007" /><testcase classname="tests.db.test_engine_connect_args" name="test_sqlite_gets_check_same_thread" time="0.002" /><testcase classname="tests.db.test_engine_connect_args" name="test_sqlite_memory_gets_check_same_thread" time="0.001" /><testcase classname="tests.db.test_engine_connect_args" name="test_postgres_gets_no_sqlite_args" time="0.001" /><testcase classname="tests.db.test_init_db_startup" name="test_migrate_helpers_are_gone" time="0.001" /><testcase classname="tests.db.test_init_db_startup" name="test_init_db_runs_alembic_not_create_all" time="0.002" /><testcase classname="tests.db.test_prompts_seed_migrate" name="test_prompt_models_exist_and_persist" time="0.008" /><testcase classname="tests.db.test_prompts_seed_migrate" name="test_prompts_unique_profile_type" time="0.005" /><testcase classname="tests.db.test_prompts_seed_migrate" name="test_seed_prompt_defaults_creates_rows" time="0.012" /><testcase classname="tests.db.test_prompts_seed_migrate" name="test_seed_prompt_defaults_is_idempotent_and_non_clobbering" time="0.015" /><testcase classname="tests.db.test_prompts_seed_migrate" name="test_migrate_creates_nine_rows_with_fallback" time="0.014" /><testcase classname="tests.db.test_prompts_seed_migrate" name="test_migrate_uses_model_from_json" time="0.014" /><testcase classname="tests.db.test_prompts_seed_migrate" name="test_migrate_is_idempotent" time="0.019" /><testcase classname="tests.db.test_prompts_seed_migrate" name="test_migrate_reads_existing_file" time="0.017" /><testcase classname="tests.db.test_tenant_columns" name="test_jobs_has_profile_id" time="0.004" /><testcase classname="tests.db.test_tenant_columns" name="test_documents_has_profile_id" time="0.004" /><testcase classname="tests.db.test_tenant_columns" name="test_skill_aliases_has_profile_id" time="0.003" /><testcase classname="tests.db.test_tenant_columns" name="test_jobs_composite_uniques" time="0.004" /><testcase classname="tests.db.test_tenant_columns" name="test_documents_composite_unique" time="0.003" /><testcase classname="tests.db.test_tenant_guard" name="test_insert_without_profile_id_raises" time="0.004" /><testcase classname="tests.db.test_tenant_guard" name="test_insert_with_profile_id_ok" time="0.005" /><testcase classname="tests.generator.test_ats_header_render" name="test_real_template_header_extracts_in_order" time="0.715" /><testcase classname="tests.scraper.test_base" name="test_scraped_job_required_fields" time="0.003" /><testcase classname="tests.scraper.test_base" name="test_scraped_job_defaults" time="0.002" /><testcase classname="tests.scraper.test_base" name="test_scraped_job_optional_fields" time="0.001" /><testcase classname="tests.scraper.test_base" name="test_job_source_cannot_be_instantiated_directly" time="0.002" /><testcase classname="tests.scraper.test_base" name="test_search_config_importable_from_scraper_base" time="0.001" /><testcase classname="tests.scraper.test_base" name="test_search_config_custom_values" time="0.001" /><testcase classname="tests.scraper.test_remoteok" name="test_remoteok_source_id" time="0.001" /><testcase classname="tests.scraper.test_remoteok" name="test_remoteok_maps_fields_correctly" time="0.002" /><testcase classname="tests.scraper.test_remoteok" name="test_remoteok_skips_metadata_element" time="0.002" /><testcase classname="tests.scraper.test_remoteok" name="test_remoteok_filters_by_whitelist" time="0.002" /><testcase classname="tests.scraper.test_remoteok" name="test_remoteok_no_whitelist_keeps_all" time="0.002" /><testcase classname="tests.scraper.test_remoteok" name="test_remoteok_filters_blacklist_terms" time="0.002" /><testcase classname="tests.scraper.test_remoteok" name="test_remoteok_respects_max_jobs" time="0.002" /><testcase classname="tests.scraper.test_remoteok" name="test_remoteok_skips_jobs_without_url" time="0.002" /><testcase classname="tests.scraper.test_remotive" name="test_remotive_source_id" time="0.002" /><testcase classname="tests.scraper.test_remotive" name="test_remotive_maps_fields_correctly" time="0.004" /><testcase classname="tests.scraper.test_remotive" name="test_remotive_filters_blacklist_in_title" time="0.002" /><testcase classname="tests.scraper.test_remotive" name="test_remotive_filters_blacklist_in_description" time="0.002" /><testcase classname="tests.scraper.test_remotive" name="test_remotive_sends_first_whitelist_keyword" time="0.002" /><testcase classname="tests.scraper.test_remotive" name="test_remotive_sends_empty_search_when_no_whitelist" time="0.002" /><testcase classname="tests.scraper.test_remotive" name="test_remotive_skips_jobs_without_url" time="0.073" /><testcase classname="tests.scraper.test_runner" name="test_save_jobs_inserts_new_jobs" time="0.013" /><testcase classname="tests.scraper.test_runner" name="test_save_jobs_deduplicates_by_url" time="0.012" /><testcase classname="tests.scraper.test_runner" name="test_save_jobs_sets_scraped_state" time="0.009" /><testcase classname="tests.scraper.test_runner" name="test_save_jobs_maps_all_fields" time="0.009" /><testcase classname="tests.scraper.test_runner" name="test_run_scraper_aggregates_sources" time="0.012" /><testcase classname="tests.scraper.test_runner" name="test_run_scraper_continues_on_source_error" time="0.009" /><testcase classname="tests.scraper.test_runner" name="test_load_search_config_from_db" time="0.007" /><testcase classname="tests.scraper.test_runner" name="test_load_search_config_uses_defaults_when_missing" time="0.008" /><testcase classname="tests.scraper.test_runner" name="test_load_max_jobs_defaults_to_50" time="0.006" /><testcase classname="tests.scraper.test_runner" name="test_load_max_jobs_from_db" time="0.005" /><testcase classname="tests.scraper.test_runner" name="test_load_search_config_target_salary_min" time="0.009" /><testcase classname="tests.scraper.test_stage_job" name="test_stage_job_returns_staged_and_creates_db_record" time="0.019" /><testcase classname="tests.scraper.test_stage_job" name="test_stage_job_returns_duplicate_for_same_url" time="0.023" /><testcase classname="tests.scraper.test_stage_job" name="test_stage_job_returns_duplicate_for_same_job_key" time="0.020" /><testcase classname="tests.scraper.test_stage_job" name="test_stage_job_returns_422_for_missing_title" time="0.010" /><testcase classname="tests.scraper.test_stage_job" name="test_stage_job_returns_422_for_missing_url" time="0.011" /><testcase classname="tests.scraper.test_stage_job" name="test_stage_job_calls_intake_on_new_job" time="0.013" /><testcase classname="tests.scraper.test_stage_job" name="test_stage_job_does_not_call_intake_on_duplicate" time="0.020" /><testcase classname="tests.scripts.test_port_sqlite_to_pg" name="test_port_stamps_profile_id_and_preserves_rows" time="0.068" /><testcase classname="tests.test_job_refinement.TestStripYamlFrontmatter" name="test_extracts_frontmatter_and_body" time="0.002" /><testcase classname="tests.test_job_refinement.TestStripYamlFrontmatter" name="test_no_frontmatter_returns_empty_string_and_full_text" time="0.001" /><testcase classname="tests.test_job_refinement.TestStripYamlFrontmatter" name="test_only_closing_dashes_present_falls_back" time="0.002" /><testcase classname="tests.test_job_refinement.TestEvaluateResumeMd" name="test_returns_score_and_issues" time="0.004" /><testcase classname="tests.test_job_refinement.TestEvaluateResumeMd" name="test_clamps_score_above_1" time="0.015" /><testcase classname="tests.test_job_refinement.TestEvaluateResumeMd" name="test_clamps_score_below_0" time="0.004" /><testcase classname="tests.test_job_refinement.TestEvaluateResumeMd" name="test_strips_frontmatter_before_injecting" time="0.004" /><testcase classname="tests.test_job_refinement.TestEvaluateResumeMd" name="test_raises_file_not_found" time="0.002" /><testcase classname="tests.test_job_refinement.TestEvaluateResumeMd" name="test_raises_on_invalid_json" time="0.005" /><testcase classname="tests.test_job_refinement.TestEvaluateResumeMd" name="test_raises_on_missing_keys" time="0.004" /><testcase classname="tests.test_job_refinement.TestRefineResumeMd" name="test_raises_file_not_found_when_no_document" time="0.009" /><testcase classname="tests.test_tray_router" name="test_apply_endpoint_404_when_job_missing" time="0.035" /><testcase classname="tests.test_tray_router" name="test_confirm_applied_404_when_job_missing" time="0.033" /><testcase classname="tests.web.test_config_api" name="test_get_sources_defaults_to_false" time="0.010" /><testcase classname="tests.web.test_config_api" name="test_put_sources_persists" time="0.020" /><testcase classname="tests.web.test_config_api" name="test_get_search_defaults" time="0.009" /><testcase classname="tests.web.test_config_api" name="test_put_search_persists" time="0.013" /><testcase classname="tests.web.test_config_api" name="test_get_templates_defaults" time="0.010" /><testcase classname="tests.web.test_config_api" name="test_put_templates_persists" time="0.016" /><testcase classname="tests.web.test_config_api" name="test_get_scoring_defaults" time="0.009" /><testcase classname="tests.web.test_config_api" name="test_put_scoring_persists" time="0.014" /><testcase classname="tests.web.test_config_api" name="test_put_scoring_rejects_weights_not_summing_to_one" time="0.007" /><testcase classname="tests.web.test_config_api" name="test_put_scoring_rejects_inverted_thresholds" time="0.009" /><testcase classname="tests.web.test_config_api" name="test_get_llm_empty" time="0.011" /><testcase classname="tests.web.test_config_api" name="test_put_llm_persists_provider_and_writes_key" time="0.013" /><testcase classname="tests.web.test_config_api" name="test_put_llm_blank_key_preserves_existing" time="0.014" /><testcase classname="tests.web.test_config_api" name="test_put_llm_unknown_provider_returns_422" time="0.009" /><testcase classname="tests.web.test_config_api" name="test_get_providers_empty" time="0.008" /><testcase classname="tests.web.test_config_api" name="test_create_and_list_provider" time="0.026" /><testcase classname="tests.web.test_config_api" name="test_update_provider" time="0.028" /><testcase classname="tests.web.test_config_api" name="test_delete_provider" time="0.030" /><testcase classname="tests.web.test_config_api" name="test_get_latex_templates_empty" time="0.010" /><testcase classname="tests.web.test_config_api" name="test_create_latex_template" time="0.015" /><testcase classname="tests.web.test_config_api" name="test_update_latex_template_name" time="0.015" /><testcase classname="tests.web.test_config_api" name="test_delete_latex_template" time="0.016" /><testcase classname="tests.web.test_config_api" name="test_delete_provider_not_found" time="0.010" /><testcase classname="tests.web.test_config_api" name="test_unified_prompt_list_empty" time="0.010" /><testcase classname="tests.web.test_config_api" name="test_unified_prompt_list_includes_all_types" time="0.020" /><testcase classname="tests.web.test_config_api" name="test_create_prompt_with_extended_fields" time="0.011" /><testcase classname="tests.web.test_config_api" name="test_update_prompt_extended_fields" time="0.017" /><testcase classname="tests.web.test_config_api" name="test_active_status_all_false_by_default" time="0.010" /><testcase classname="tests.web.test_config_api" name="test_active_status_description_has_prompt_true_when_active_prompt_set" time="0.009" /><testcase classname="tests.web.test_config_api" name="test_active_status_resume_has_template_true_when_template_file_exists" time="0.010" /><testcase classname="tests.web.test_config_api" name="test_active_status_resume_has_template_false_when_template_file_missing" time="0.012" /><testcase classname="tests.web.test_config_api" name="test_get_job_fields" time="0.009" /><testcase classname="tests.web.test_config_profile_prompts" name="test_prompt_status_configured_type_true_others_false" time="0.014" /><testcase classname="tests.web.test_config_profile_prompts" name="test_prompt_status_short_content_is_false" time="0.014" /><testcase classname="tests.web.test_config_profile_prompts" name="test_prompt_status_no_profiles_all_false" time="0.009" /><testcase classname="tests.web.test_config_profile_prompts" name="test_get_profile_prompt_fields" time="0.013" /><testcase classname="tests.web.test_confirm_applied_ats_gate" name="test_confirm_applied_blocked_on_critical" time="0.007" /><testcase classname="tests.web.test_confirm_applied_ats_gate" name="test_confirm_applied_proceeds_when_passed" time="0.009" /><testcase classname="tests.web.test_confirm_applied_ats_gate" name="test_confirm_applied_no_report_returns_422" time="0.006" /><testcase classname="tests.web.test_confirm_applied_ats_gate" name="test_confirm_applied_stale_report_returns_422" time="0.006" /><testcase classname="tests.web.test_confirm_applied_ats_gate" name="test_gate_report_for_resolves_model_without_attribute_error" time="0.003" /><testcase classname="tests.web.test_document_api" name="test_get_document_404_when_absent" time="0.013" /><testcase classname="tests.web.test_document_api" name="test_put_document_persists_and_returns" time="0.013" /><testcase classname="tests.web.test_document_api" name="test_get_document_after_put" time="0.017" /><testcase classname="tests.web.test_document_api" name="test_put_document_rejects_malformed" time="0.012" /><testcase classname="tests.web.test_document_api" name="test_markdown_put_route_is_gone" time="0.010" /><testcase classname="tests.web.test_document_api" name="test_put_cover_document_persists" time="0.014" /><testcase classname="tests.web.test_document_backfill" name="test_get_document_backfills_from_markdown" time="0.014" /><testcase classname="tests.web.test_document_backfill" name="test_get_document_backfills_cover_from_markdown" time="0.015" /><testcase classname="tests.web.test_document_backfill" name="test_get_document_404_when_no_row_and_no_markdown" time="0.014" /><testcase classname="tests.web.test_document_feedback" name="test_build_feedback_issues_formats_and_filters" time="0.002" /><testcase classname="tests.web.test_document_feedback" name="test_build_feedback_issues_empty" time="0.002" /><testcase classname="tests.web.test_document_feedback" name="test_run_user_feedback_refine_keeps_user_version" time="0.004" /><testcase classname="tests.web.test_document_feedback" name="test_feedback_404_no_job" time="0.011" /><testcase classname="tests.web.test_document_feedback" name="test_feedback_404_no_document" time="0.012" /><testcase classname="tests.web.test_document_feedback" name="test_feedback_backfills_row_from_markdown" time="0.018" /><testcase classname="tests.web.test_document_feedback" name="test_feedback_400_empty_notes" time="0.017" /><testcase classname="tests.web.test_document_feedback" name="test_feedback_202_spawns" time="0.013" /><testcase classname="tests.web.test_export_master" name="test_export_master_returns_pdf" time="0.011" /><testcase classname="tests.web.test_export_master" name="test_export_master_no_profile_returns_404" time="0.007" /><testcase classname="tests.web.test_intake_pipeline" name="test_run_pipeline_calls_extraction_then_scoring" time="0.005" /><testcase classname="tests.web.test_intake_pipeline" name="test_run_pipeline_skips_scoring_if_extraction_fails" time="0.004" /><testcase classname="tests.web.test_intake_pipeline" name="test_run_pipeline_closes_db_session_on_error" time="0.003" /><testcase classname="tests.web.test_intake_pipeline" name="test_turn_snapshot_is_structured_json" time="0.003" /><testcase classname="tests.web.test_intake_pipeline" name="test_serve_doc_turn_markdown_route" time="0.016" /><testcase classname="tests.web.test_jobs_api" name="test_get_jobs_returns_all_states" time="0.014" /><testcase classname="tests.web.test_jobs_api" name="test_get_jobs_includes_artifact_paths" time="0.011" /><testcase classname="tests.web.test_jobs_api" name="test_get_jobs_sorted_by_score" time="0.013" /><testcase classname="tests.web.test_jobs_api" name="test_get_jobs_empty" time="0.009" /><testcase classname="tests.web.test_jobs_api" name="test_get_jobs_justification_parsed" time="0.011" /><testcase classname="tests.web.test_jobs_api" name="test_patch_state_to_applied" time="0.013" /><testcase classname="tests.web.test_jobs_api" name="test_patch_state_to_rejected" time="0.012" /><testcase classname="tests.web.test_jobs_api" name="test_patch_state_to_contact" time="0.015" /><testcase classname="tests.web.test_jobs_api" name="test_patch_state_to_new" time="0.013" /><testcase classname="tests.web.test_jobs_api" name="test_patch_invalid_state_rejected_by_api" time="0.009" /><testcase classname="tests.web.test_jobs_api" name="test_patch_state_not_found" time="0.016" /><testcase classname="tests.web.test_jobs_api" name="test_get_jobs_includes_url" time="0.010" /><testcase classname="tests.web.test_jobs_api" name="test_get_jobs_includes_description" time="0.012" /><testcase classname="tests.web.test_jobs_api" name="test_get_jobs_remote_true_when_set" time="0.012" /><testcase classname="tests.web.test_jobs_api" name="test_get_jobs_remote_none_when_not_set" time="0.011" /><testcase classname="tests.web.test_jobs_api" name="test_delete_job_soft_deletes" time="0.018" /><testcase classname="tests.web.test_jobs_api" name="test_delete_job_not_found" time="0.010" /><testcase classname="tests.web.test_jobs_api" name="test_score_job_endpoint" time="0.016" /><testcase classname="tests.web.test_jobs_api" name="test_score_job_endpoint_not_found" time="0.012" /><testcase classname="tests.web.test_jobs_api" name="test_serve_resume_not_found" time="0.011" /><testcase classname="tests.web.test_jobs_api" name="test_serve_cover_not_found" time="0.011" /><testcase classname="tests.web.test_jobs_api" name="test_serve_resume_job_not_found" time="0.011" /><testcase classname="tests.web.test_jobs_api" name="test_serve_cover_job_not_found" time="0.009" /><testcase classname="tests.web.test_jobs_api" name="test_serve_resume_file_missing_on_disk" time="0.011" /><testcase classname="tests.web.test_jobs_api" name="test_serve_cover_file_missing_on_disk" time="0.012" /><testcase classname="tests.web.test_jobs_api" name="test_generate_resume_endpoint" time="0.014" /><testcase classname="tests.web.test_jobs_api" name="test_generate_resume_endpoint_not_found" time="0.010" /><testcase classname="tests.web.test_jobs_api" name="test_generate_cover_endpoint" time="0.020" /><testcase classname="tests.web.test_jobs_api" name="test_generate_cover_endpoint_blocked_without_resume" time="0.014" /><testcase classname="tests.web.test_jobs_api" name="test_generate_cover_endpoint_not_found" time="0.009" /><testcase classname="tests.web.test_jobs_api" name="test_get_jobs_includes_extraction_json_exists_false" time="0.011" /><testcase classname="tests.web.test_jobs_api" name="test_get_jobs_includes_extraction_json_exists_true" time="0.013" /><testcase classname="tests.web.test_jobs_api" name="test_extract_description_stores_result" time="0.013" /><testcase classname="tests.web.test_jobs_api" name="test_extract_description_no_template" time="0.013" /><testcase classname="tests.web.test_jobs_api" name="test_extract_description_not_found" time="0.011" /><testcase classname="tests.web.test_jobs_api" name="test_extract_description_endpoint_delegates_to_helper" time="0.014" /><testcase classname="tests.web.test_jobs_api" name="test_extract_description_llm_failure_returns_500" time="0.015" /><testcase classname="tests.web.test_jobs_api" name="test_do_extract_description_parses_salary" time="0.010" /><testcase classname="tests.web.test_jobs_api" name="test_do_extract_description_handles_null_salary" time="0.010" /><testcase classname="tests.web.test_jobs_api" name="test_patch_job_fields_updates_provided_fields" time="0.013" /><testcase classname="tests.web.test_jobs_api" name="test_patch_job_fields_404_when_missing" time="0.010" /><testcase classname="tests.web.test_jobs_api" name="test_patch_job_fields_ignores_unknown_keys" time="0.017" /><testcase classname="tests.web.test_jobs_api" name="test_flag_job" time="0.013" /><testcase classname="tests.web.test_jobs_api" name="test_unflag_job" time="0.015" /><testcase classname="tests.web.test_jobs_api" name="test_flag_job_not_found" time="0.012" /><testcase classname="tests.web.test_jobs_api" name="test_get_jobs_includes_flagged_field" time="0.011" /><testcase classname="tests.web.test_llm_status_router" name="test_llm_status_empty" time="0.009" /><testcase classname="tests.web.test_llm_status_router" name="test_llm_status_in_flight_includes_display_info" time="0.012" /><testcase classname="tests.web.test_llm_status_router" name="test_llm_status_does_not_leak_other_tenants_jobs" time="0.011" /><testcase classname="tests.web.test_llm_test_connection" name="test_test_connection_ok" time="0.005" /><testcase classname="tests.web.test_llm_test_connection" name="test_test_connection_failure" time="0.004" /><testcase classname="tests.web.test_profile_api" name="test_get_profiles_empty" time="0.010" /><testcase classname="tests.web.test_profile_api" name="test_post_profile_creates_row" time="0.011" /><testcase classname="tests.web.test_profile_api" name="test_get_profile_by_id" time="0.012" /><testcase classname="tests.web.test_profile_api" name="test_get_profile_by_id_not_found" time="0.010" /><testcase classname="tests.web.test_profile_api" name="test_put_profile_updates_data" time="0.013" /><testcase classname="tests.web.test_profile_api" name="test_delete_profile" time="0.012" /><testcase classname="tests.web.test_profile_api" name="test_put_active_sets_config" time="0.012" /><testcase classname="tests.web.test_profile_api" name="test_put_active_profile_not_found" time="0.009" /><testcase classname="tests.web.test_profile_api" name="test_parse_endpoint_md_returns_profile_dict" time="0.008" /><testcase classname="tests.web.test_profile_api" name="test_parse_endpoint_pdf_calls_pdf_to_markdown" time="0.009" /><testcase classname="tests.web.test_profile_api" name="test_serve_profile_file_pdf_not_set" time="0.012" /><testcase classname="tests.web.test_profile_api" name="test_serve_profile_file_md_not_set" time="0.010" /><testcase classname="tests.web.test_profile_api" name="test_serve_profile_file_pdf_missing_on_disk" time="0.010" /><testcase classname="tests.web.test_profile_api" name="test_serve_profile_file_md_missing_on_disk" time="0.012" /><testcase classname="tests.web.test_profile_api" name="test_serve_profile_file_profile_not_found" time="0.008" /><testcase classname="tests.web.test_profile_api" name="test_serve_profile_file_pdf_ok" time="0.016" /><testcase classname="tests.web.test_profile_api" name="test_serve_profile_file_md_ok" time="0.015" /><testcase classname="tests.web.test_profile_api" name="test_serve_profile_file_invalid_type" time="0.011" /><testcase classname="tests.web.test_profile_api" name="test_parse_endpoint_surfaces_no_provider_error" time="0.009" /><testcase classname="tests.web.test_profile_api" name="test_parse_endpoint_surfaces_bad_json_error" time="0.011" /><testcase classname="tests.web.test_profile_api" name="test_get_profile_includes_llm_fields" time="0.013" /><testcase classname="tests.web.test_profile_api" name="test_get_profile_has_llm_key_true" time="0.020" /><testcase classname="tests.web.test_profile_api" name="test_put_profile_writes_llm_key_to_env" time="0.016" /><testcase classname="tests.web.test_profile_api" name="test_put_profile_empty_llm_key_does_not_write_env" time="0.013" /><testcase classname="tests.web.test_profile_api" name="test_put_profile_rejects_injected_llm_key" time="0.017" /><testcase classname="tests.web.test_profile_api" name="test_put_profile_accepts_base64_padded_key" time="0.014" /><testcase classname="tests.web.test_profile_api" name="test_parse_profile_md_calls_from_markdown" time="0.015" /><testcase classname="tests.web.test_profile_api" name="test_parse_profile_txt_calls_from_markdown" time="0.018" /><testcase classname="tests.web.test_profile_api" name="test_parse_profile_runtime_error_returns_422" time="0.013" /><testcase classname="tests.web.test_profile_api" name="test_parse_profile_no_resume_returns_400" time="0.011" /><testcase classname="tests.web.test_profile_api" name="test_get_profiles_includes_first_last_name" time="0.012" /><testcase classname="tests.web.test_prompts_router" name="test_get_prompt_returns_200_with_expected_keys" time="0.012" /><testcase classname="tests.web.test_prompts_router" name="test_get_prompt_unknown_type_returns_404" time="0.009" /><testcase classname="tests.web.test_prompts_router" name="test_get_prompt_no_row_returns_default" time="0.012" /><testcase classname="tests.web.test_prompts_router" name="test_put_prompt_persists_and_get_returns_new_content" time="0.017" /><testcase classname="tests.web.test_prompts_router" name="test_put_blank_content_returns_400" time="0.011" /><testcase classname="tests.web.test_prompts_router" name="test_reset_returns_default" time="0.017" /><testcase classname="tests.web.test_prompts_router" name="test_old_list_endpoint_not_json_api" time="0.040" /><testcase classname="tests.web.test_prompts_router" name="test_unknown_profile_404" time="0.012" /><testcase classname="tests.web.test_prompts_router" name="test_reset_clears_model" time="0.020" /><testcase classname="tests.web.test_prompts_router" name="test_get_default_prompt_returns_200_with_content" time="0.011" /><testcase classname="tests.web.test_resume_eval_skill_coverage" name="test_resume_eval_prompt_enforces_present_relevant_skills" time="0.002" /><testcase classname="tests.web.test_run_ats_gate_pipeline" name="test_run_ats_gate_stores_report_and_emits" time="0.003" /><testcase classname="tests.web.test_run_ats_gate_pipeline" name="test_run_ats_gate_swallows_missing_artifact" time="0.004" /><testcase classname="tests.web.test_run_ats_gate_pipeline" name="test_run_resume_refinement_runs_gate_after_refine" time="0.003" /><testcase classname="tests.web.test_scraper_api" name="test_trigger_scrape_returns_started" time="0.012" /><testcase classname="tests.web.test_scraper_api" name="test_trigger_scrape_returns_400_when_no_config_key" time="0.008" /><testcase classname="tests.web.test_scraper_api" name="test_trigger_scrape_returns_400_when_sources_empty" time="0.010" /><testcase classname="tests.web.test_scraper_api" name="test_trigger_scrape_ignores_unknown_source_ids" time="0.009" /><testcase classname="tests.web.test_scraper_api" name="test_scraper_run_background_calls_intake_on_new_jobs" time="0.010" /><testcase classname="tests.web.test_scraper_api" name="test_stage_job_triggers_pipeline" time="0.006" /><testcase classname="tests.web.test_session_cost_router" name="test_session_cost_starts_at_zero" time="0.005" /><testcase classname="tests.web.test_session_cost_router" name="test_session_cost_reflects_accumulated_cost" time="0.006" /><testcase classname="tests.web.test_setup_status" name="test_setup_status_returns_booleans" time="0.014" /><testcase classname="tests.web.test_setup_status" name="test_setup_status_llm_not_configured_initially" time="0.010" /><testcase classname="tests.web.test_setup_status" name="test_setup_status_resume_not_parsed_initially" time="0.010" /><testcase classname="tests.web.test_setup_status" name="test_setup_status_llm_configured_when_provider_exists" time="0.013" /><testcase classname="tests.web.test_setup_status" name="test_setup_status_resume_parsed_when_profile_has_data" time="0.012" /><testcase classname="tests.web.test_setup_status" name="test_setup_status_resume_not_parsed_when_profile_has_no_data" time="0.012" /><testcase classname="tests.web.test_shutdown" name="test_shutdown_immediate_returns_ok" time="0.008" /><testcase classname="tests.web.test_shutdown" name="test_shutdown_wait_returns_ok" time="0.007" /><testcase classname="tests.web.test_shutdown" name="test_shutdown_unknown_mode_returns_422" time="0.007" /><testcase classname="tests.web.test_skills_api" name="test_skill_alias_row_roundtrips" time="0.006" /><testcase classname="tests.web.test_skills_api" name="test_seed_skill_aliases_is_idempotent" time="0.010" /><testcase classname="tests.web.test_skills_api" name="test_assign_creates_group" time="0.017" /><testcase classname="tests.web.test_skills_api" name="test_assign_moves_member_between_groups" time="0.019" /><testcase classname="tests.web.test_skills_api" name="test_search_matches_members" time="0.015" /><testcase classname="tests.web.test_skills_api" name="test_remove_member" time="0.024" /><testcase classname="tests.web.test_skills_api" name="test_cannot_remove_canonical_self_row" time="0.015" /><testcase classname="tests.web.test_skills_api" name="test_profile_add_and_remove" time="0.019" /><testcase classname="tests.web.test_skills_api" name="test_owned_skills_matches_case_and_alias" time="0.012" /><testcase classname="tests.web.test_skills_api" name="test_owned_skills_empty_when_no_profile" time="0.010" /><testcase classname="tests.web.test_skills_api" name="test_assign_rejects_empty" time="0.010" /><testcase classname="tests.web.test_skills_api" name="test_assign_canonical_collides_with_existing_alias_key" time="0.016" /><testcase classname="tests.web.test_stats_api" name="test_stats_all_time_returns_totals_and_by_state" time="0.022" /><testcase classname="tests.web.test_stats_api" name="test_stats_by_state_counts_correctly" time="0.024" /><testcase classname="tests.web.test_stats_api" name="test_stats_today_filters_by_day" time="0.021" /><testcase classname="tests.web.test_stats_api" name="test_stats_week_filters_last_7_days" time="0.020" /><testcase classname="tests.web.test_stats_api" name="test_stats_invalid_window_returns_400" time="0.008" /><testcase classname="tests.web.test_stats_api" name="test_stats_empty_db_returns_zero_totals" time="0.114" /><testcase classname="tests.web.test_stats_api" name="test_skill_frequency_returns_unified_shape" time="0.019" /><testcase classname="tests.web.test_stats_api" name="test_skill_frequency_excludes_non_extracted_jobs" time="0.018" /><testcase classname="tests.web.test_stats_api" name="test_skill_frequency_excludes_deleted_jobs" time="0.018" /><testcase classname="tests.web.test_stats_api" name="test_skill_frequency_jobs_excludes_deleted_jobs" time="0.014" /><testcase classname="tests.web.test_stats_api" name="test_profile_skill_absent_from_jobs_still_listed" time="0.018" /><testcase classname="tests.web.test_stats_api" name="test_skill_frequency_empty_db" time="0.019" /><testcase classname="tests.web.test_stats_api" name="test_skill_frequency_jobs_returns_matching_keys" time="0.015" /><testcase classname="tests.web.test_stats_api" name="test_skill_frequency_jobs_matches_via_normalization" time="0.013" /><testcase classname="tests.web.test_stats_api" name="test_skill_frequency_jobs_no_match_returns_empty" time="0.013" /><testcase classname="tests.web.test_stats_api" name="test_skill_frequency_merges_case_variants" time="0.015" /><testcase classname="tests.web.test_tenancy" name="test_dev_tenant_defaults_to_one_when_unset" time="0.005" /><testcase classname="tests.web.test_tenancy" name="test_dev_tenant_reads_config_override" time="0.005" /><testcase classname="tests.web.test_tenancy" name="test_dev_tenant_ignores_blank_config" time="0.005" /><testcase classname="tests.web.test_tenancy" name="test_scoped_filters_by_profile_id" time="0.007" /><testcase classname="tests.web.test_tenant_isolation" name="test_no_cross_read_and_no_unique_collision" time="0.013" /></testsuite></testsuites>